[2025-12-27 21:54:15.751] [INFO] [dev.kostromdan.mods.crash_assistant.app.CrashAssistantApp]: CrashAssistantApp running: JVM args: [-XX:+UseSerialGC, -XX:MaxHeapFreeRatio=30, -XX:MinHeapFreeRatio=10, -XX:MaxGCPauseMillis=10000, -Xms8m, -Xmx512m]
[2025-12-27 21:54:15.754] [INFO] [dev.kostromdan.mods.crash_assistant.app.CrashAssistantApp]: CrashAssistantApp running: program args: [-jarPath, local\crash_assistant\20324_1766868848960_app.jar, -parentPID, 20324, -parentStarted, 1766868848960, -platform, FORGE, -loaderJarName, fmlloader-1.20.1-47.4.6.jar, -minecraftVersion, 1.20.1, -childProcessesPIDs, VU5ERUZJTkVE, -crashAssistantModJarName, CrashAssistant-forge-1.19-1.20.1-1.10.28.jar, -classPath, local\crash_assistant\20324_1766868848960_app.jar;local\crash_assistant\20324_1766868848960_mod.jar;C:\Users\Administrator\AppData\Roaming\gdlauncher_carbon\data\libraries\org\apache\logging\log4j\log4j-api\2.19.0\log4j-api-2.19.0.jar;C:\Users\Administrator\AppData\Roaming\gdlauncher_carbon\data\libraries\org\apache\logging\log4j\log4j-core\2.19.0\log4j-core-2.19.0.jar;C:\Users\Administrator\AppData\Roaming\gdlauncher_carbon\data\libraries\com\google\code\gson\gson\2.10\gson-2.10.jar;C:\Users\Administrator\AppData\Roaming\gdlauncher_carbon\data\libraries\commons-io\commons-io\2.11.0\commons-io-2.11.0.jar;C:\Users\Administrator\AppData\Roaming\gdlauncher_carbon\data\libraries\net\java\dev\jna\jna\5.12.1\jna-5.12.1.jar;C:\Users\Administrator\AppData\Roaming\gdlauncher_carbon\data\libraries\net\java\dev\jna\jna-platform\5.12.1\jna-platform-5.12.1.jar, -parentXms, 1024m, -parentXmx, 12288m, -systemRAM, 31.9g, -processor, QU1EIFJ5emVuIDcgNTcwMFggOC1Db3JlIFByb2Nlc3NvciAgICAgICAgICAgICA=, -serialisedGPUs, VnVsa2FuIEdQVSBkZXRlY3Rpb24gYWRkb24gbm90IGZvdW5kLCBmYWxsaW5nIGJhY2sgdG8gRGlyZWN0WApTdWNjZXNzZnVsbHkgZGV0ZWN0ZWQgR1BVcyB1c2luZyBEaXJlY3RYOgpERURJQ0FURUQgOiBBTUQgUmFkZW9uIFJYIDc2MDAKDQo=]
[2025-12-27 21:54:15.755] [INFO] [dev.kostromdan.mods.crash_assistant.app.CrashAssistantApp]: CrashAssistantApp running from: C:\Users\Administrator\AppData\Roaming\gdlauncher_carbon\data\instances\Galaxy_greg\instance
[2025-12-27 21:54:15.755] [INFO] [dev.kostromdan.mods.crash_assistant.app.CrashAssistantApp]: crashAssistantJarName: CrashAssistant-forge-1.19-1.20.1-1.10.28.jar
[2025-12-27 21:54:15.755] [INFO] [dev.kostromdan.mods.crash_assistant.app.CrashAssistantApp]: Parent PID: 20324
[2025-12-27 21:54:15.756] [INFO] [dev.kostromdan.mods.crash_assistant.app.CrashAssistantApp]: Parent started: 1766868848960
[2025-12-27 21:54:15.758] [INFO] [dev.kostromdan.mods.crash_assistant.app.CrashAssistantApp]: Platform: FORGE
[2025-12-27 21:54:15.758] [INFO] [dev.kostromdan.mods.crash_assistant.app.CrashAssistantApp]: loaderJarName: fmlloader-1.20.1-47.4.6.jar
[2025-12-27 21:54:15.759] [INFO] [dev.kostromdan.mods.crash_assistant.app.CrashAssistantApp]: minecraftVersion: 1.20.1
[2025-12-27 21:54:15.760] [INFO] [dev.kostromdan.mods.crash_assistant.app.CrashAssistantApp]: childProcessesPIDs: UNDEFINED
[2025-12-27 21:54:15.760] [INFO] [dev.kostromdan.mods.crash_assistant.app.CrashAssistantApp]: parentXms: 1024m
[2025-12-27 21:54:15.760] [INFO] [dev.kostromdan.mods.crash_assistant.app.CrashAssistantApp]: parentXmx: 12288m
[2025-12-27 21:54:15.760] [INFO] [dev.kostromdan.mods.crash_assistant.app.CrashAssistantApp]: systemRAM: 31.9g
[2025-12-27 21:54:15.761] [INFO] [dev.kostromdan.mods.crash_assistant.app.CrashAssistantApp]: processor: AMD Ryzen 7 5700X 8-Core Processor             
[2025-12-27 21:54:15.761] [INFO] [dev.kostromdan.mods.crash_assistant.app.CrashAssistantApp]: Boot.serialisedGPUs:
Vulkan GPU detection addon not found, falling back to DirectX
Successfully detected GPUs using DirectX:
DEDICATED : AMD Radeon RX 7600


[2025-12-27 21:54:15.761] [INFO] [dev.kostromdan.mods.crash_assistant.app.CrashAssistantApp]: os.name: windows 11
[2025-12-27 21:54:15.766] [INFO] [dev.kostromdan.mods.crash_assistant.app.CrashAssistantApp]: Java path: C:\Users\Administrator\AppData\Roaming\gdlauncher_carbon\data\managed_javas\zulu17.58.21-ca-jre17.0.15-win_x64\bin\java.exe
[2025-12-27 21:54:15.766] [INFO] [dev.kostromdan.mods.crash_assistant.app.CrashAssistantApp]: Java version: 17.0.15+6-LTS
[2025-12-27 21:54:15.795] [INFO] [dev.kostromdan.mods.crash_assistant.app.CrashAssistantApp]: CrashAssistantApp started successfully. Waiting for PID 20324 to stop.
[2025-12-27 21:54:38.251] [INFO] [dev.kostromdan.mods.crash_assistant.app.CrashAssistantApp]: Minecraft is running on renderer:
AMD Radeon RX 7600
[2025-12-27 23:44:55.632] [INFO] [dev.kostromdan.mods.crash_assistant.app.CrashAssistantApp]: PID "20324" is not alive or reused by another process. Minecraft JVM appears to have stopped.
[2025-12-27 23:44:55.703] [INFO] [dev.kostromdan.mods.crash_assistant.app.CrashAssistantApp]: Adding latest.log from C:\Users\Administrator\AppData\Roaming\gdlauncher_carbon\data\instances\Galaxy_greg\instance\logs\latest.log
[2025-12-27 23:44:55.725] [INFO] [dev.kostromdan.mods.crash_assistant.app.CrashAssistantApp]: stderr_stream.log size: 386 bytes
[2025-12-27 23:44:55.730] [INFO] [dev.kostromdan.mods.crash_assistant.app.CrashAssistantApp]: Adding GDLauncher: main.log from C:\Users\Administrator\AppData\Roaming\gdlauncher_carbon\data\instances\Galaxy_greg\instance\..\..\..\..\main.log
[2025-12-27 23:44:55.738] [INFO] [dev.kostromdan.mods.crash_assistant.app.CrashAssistantApp]: Adding KubeJS: client.log from C:\Users\Administrator\AppData\Roaming\gdlauncher_carbon\data\instances\Galaxy_greg\instance\logs\kubejs\client.log
[2025-12-27 23:44:55.740] [INFO] [dev.kostromdan.mods.crash_assistant.app.CrashAssistantApp]: Adding KubeJS: server.log from C:\Users\Administrator\AppData\Roaming\gdlauncher_carbon\data\instances\Galaxy_greg\instance\logs\kubejs\server.log
[2025-12-27 23:44:55.742] [INFO] [dev.kostromdan.mods.crash_assistant.app.CrashAssistantApp]: Adding KubeJS: startup.log from C:\Users\Administrator\AppData\Roaming\gdlauncher_carbon\data\instances\Galaxy_greg\instance\logs\kubejs\startup.log
[2025-12-27 23:44:55.747] [INFO] [dev.kostromdan.mods.crash_assistant.app.CrashAssistantApp]: Adding crash_assistant_app.log from C:\Users\Administrator\AppData\Roaming\gdlauncher_carbon\data\instances\Galaxy_greg\instance\logs\crash_assistant\crash_assistant_app.log
[2025-12-27 23:44:55.748] [INFO] [dev.kostromdan.mods.crash_assistant.app.CrashAssistantApp]: Reached first tick of TitleScreen: true
[2025-12-27 23:44:55.748] [INFO] [dev.kostromdan.mods.crash_assistant.app.CrashAssistantApp]: Joined world successfully: true
[2025-12-27 23:44:55.748] [INFO] [dev.kostromdan.mods.crash_assistant.app.CrashAssistantApp]: stop() function of Minecraft fired: true
[2025-12-27 23:44:55.748] [INFO] [dev.kostromdan.mods.crash_assistant.app.CrashAssistantApp]: close() function of Minecraft failed: false
[2025-12-27 23:44:55.749] [INFO] [dev.kostromdan.mods.crash_assistant.app.CrashAssistantApp]: emergencySave() function of Minecraft fired: false
[2025-12-27 23:44:55.757] [INFO] [dev.kostromdan.mods.crash_assistant.app.CrashAssistantApp]: isModpackCreator: true
[2025-12-27 23:44:55.759] [INFO] [dev.kostromdan.mods.crash_assistant.app.CrashAssistantApp]: isHelpLinkDefault: true
[2025-12-27 23:44:55.762] [INFO] [dev.kostromdan.mods.crash_assistant.app.CrashAssistantApp]: helpLink: https://discord.minecraftforge.net
[2025-12-27 23:44:55.763] [INFO] [dev.kostromdan.mods.crash_assistant.app.CrashAssistantApp]: Seems like Minecraft finished normally. Trying to locate terminated processes and Exiting Crash Assistant app.
