[21:54:28] [INIT] KubeJS 2001.6.5-build.16; MC 2001 forge
[21:54:28] [INIT] Loaded plugins:
[21:54:28] [INIT] - dev.latvian.mods.kubejs.forge.BuiltinKubeJSForgePlugin
[21:54:28] [INIT] - dev.latvian.mods.kubejs.forge.BuiltinKubeJSForgeClientPlugin
[21:54:28] [INIT] - thedarkcolour.exdeorum.compat.kubejs.ExDeorumKubeJsPlugin
[21:54:28] [INIT] - pie.ilikepiefoo.AdditionsPlugin
[21:54:28] [INIT] - pie.ilikepiefoo.compat.jei.JEIKubeJSPlugin
[21:54:28] [INIT] - com.lowdragmc.lowdraglib.kjs.LDLibKubeJSPlugin
[21:54:28] [INIT] - dev.ftb.mods.ftbxmodcompat.ftbquests.kubejs.KubeJSIntegration
[21:54:28] [INIT] - dev.ftb.mods.ftbxmodcompat.ftbchunks.kubejs.FTBChunksKubeJSPlugin
[21:54:28] [INIT] - dev.ftb.mods.ftbxmodcompat.ftbteams.kubejs.FTBTeamsKubeJSPlugin
[21:54:28] [INIT] - qinomed.kubejsdelight.KubeJSDelightPlugin
[21:54:28] [INIT] - com.probejs.ProbeJSPlugin
[21:54:28] [INIT] - fr.frinn.custommachinery.common.integration.kubejs.CustomMachineryKubeJSPlugin
[21:54:28] [INIT] - com.gregtechceu.gtceu.integration.kjs.GregTechKubeJSPlugin
[21:54:28] [INIT] - net.yxiao233.kubejsthermalaugments.kubejs.ModKubeJSPlugin
[21:54:28] [INIT] - dev.latvian.mods.kubejs.create.KubeJSCreatePlugin
[21:54:29] [INFO] Loaded script startup_scripts:@recipes/src/greag/Blocks.js in 0.046 s
[21:54:29] [INFO] Loaded script startup_scripts:@recipes/src/greag/greg_materials.js in 0.007 s
[21:54:29] [INFO] Loaded script startup_scripts:@recipes/src/greag/machine/machine.js in 0.003 s
[21:54:29] [INFO] Loaded script startup_scripts:@recipes/src/greag/machine/machine_recipe_type.js in 0.0 s
[21:54:29] [INFO] Loaded script startup_scripts:@recipes/src/greag/multiblock/early_game.js in 0.008 s
[21:54:29] [INFO] Loaded script startup_scripts:@recipes/src/greag/multiblock/multiblock_recipe_type.js in 0.002 s
[21:54:29] [INFO] Loaded script startup_scripts:@recipes/src/items.js in 0.002 s
[21:54:29] [INFO] @recipes/src/item_modification.js#16: Loaded Java class 'java.util.Map'
[21:54:29] [INFO] Loaded script startup_scripts:@recipes/src/item_modification.js in 0.002 s
[21:54:29] [INFO] Loaded 8/8 KubeJS startup scripts in 0.868 s with 0 errors and 0 warnings
[21:54:30] [INFO] @recipes/src/greag/multiblock/early_game.js#3: Loaded Java class 'com.mo_guang.ctpp.api.CTPPPartAbility'
[21:54:30] [INFO] @recipes/src/greag/multiblock/early_game.js#4: Loaded Java class 'com.gregtechceu.gtceu.api.machine.multiblock.CoilWorkableElectricMultiblockMachine'
[21:54:30] [INFO] @recipes/src/greag/multiblock/early_game.js#5: Loaded Java class 'com.gregtechceu.gtceu.api.recipe.GTRecipe'
[21:54:30] [INFO] @recipes/src/greag/multiblock/early_game.js#6: Loaded Java class 'com.gregtechceu.gtceu.api.machine.MetaMachine'
[21:54:30] [INFO] @recipes/src/greag/multiblock/early_game.js#7: Loaded Java class 'com.gregtechceu.gtceu.api.recipe.content.ContentModifier'
[21:54:30] [INFO] @recipes/src/greag/multiblock/early_game.js#8: Loaded Java class 'com.gregtechceu.gtceu.api.machine.feature.multiblock.IMultiController'
[21:54:30] [INFO] @recipes/src/greag/multiblock/early_game.js#9: Loaded Java class 'com.gregtechceu.gtceu.api.recipe.modifier.ParallelLogic'
